// Jest Snapshot v1, https://goo.gl/fbAQLP

exports[`<Details /> matches snapshot 1`] = `""`;
